
****** xsim v2022.1 (64-bit)
  **** SW Build 3526262 on Mon Apr 18 15:48:16 MDT 2022
  **** IP Build 3524634 on Mon Apr 18 20:55:01 MDT 2022
    ** Copyright 1986-2022 Xilinx, Inc. All Rights Reserved.

source xsim.dir/tb_dlrm_f37x_rtl_kernel_stage2n_a16_v1_sim/xsim_script.tcl
# xsim {tb_dlrm_f37x_rtl_kernel_stage2n_a16_v1_sim} -autoloadwcfg -tclbatch {D:/FpgaWork/f37x_dlrm_rtl/scripts/run_stage2n_a16_1_latency_xsim_v1.tcl}
Time resolution is 1 ps
source D:/FpgaWork/f37x_dlrm_rtl/scripts/run_stage2n_a16_1_latency_xsim_v1.tcl
## run all
A16_1_RESET_CLEAN=PASS
A16_1_SATURATION=PASS
A16_1_SLOT0_ERROR_PROTECTION=PASS
A16_1_MID_SEQUENCE_ERROR_PROTECTION=PASS
A16_1_HOST_EMBEDDING_REJECT=PASS
A16_1_RUN_1=PASS
A16_1_RUN_2=PASS
A16_1_TABLE_BASE_CAPTURE=PASS
A16_1_FOUR_LOOKUPS=PASS
A16_1_FOUR_SLOT_INJECTION=PASS
A16_1_LOADED_MASK=PASS
A16_1_PIPELINE_START_GUARD=PASS
A16_1_DELAYED_ARREADY=PASS
A16_1_DELAYED_RVALID=PASS
A16_1_RESPONSE_RETENTION_REUSED=PASS
A16_1_REPEATED_START_REJECT=PASS
A16_1_END_TO_END_PIPELINE=PASS
A16_1_RESULT_MATCH=PASS
A16_1_A13_COUNTER_ABI=PASS
A16_1_A13_PUBLIC_ABI=PASS
A16_1_COUNTER_RESTART_DETERMINISM=PASS
A16_1_COUNTER_FREEZE=PASS
A16_1_CANONICAL_ROWS=37,38,39,40
A16_1_GOLDEN_FINAL_RESULT=36
A16_1_ACTUAL_FINAL_RESULT=36
A16_1_HBM_LOOKUP_CYCLES=73
A16_1_BOTTOM_CYCLES=322
A16_1_INTERACTION_CYCLES=100
A16_1_TOP_CYCLES=744
A16_1_COMPUTE_TOTAL_CYCLES=1174
A16_1_FPGA_END_TO_END_CYCLES=1285
A16_1_PIPELINE_OVERHEAD_CYCLES=38
A16_1_LOOKUP_REQUESTS=4
A16_1_AR_HANDSHAKES=4
A16_1_R_HANDSHAKES=4
A16_1_SLOT_INJECTIONS=4
A16_1_FINAL_LOADED_MASK=0xf
A16_1_FUNCTIONAL_REGRESSION=PASS
A16_1_COUNTER_SEMANTICS=PASS
A16_1_LATENCY_ACCOUNTING=PASS
STAGE2N_A16_1_SEQUENTIAL_HBM_LATENCY_XSIM_V1_PASS
$finish called at time : 475700 ns : File "D:/FpgaWork/f37x_dlrm_rtl/tb/tb_dlrm_f37x_rtl_kernel_stage2n_a16_v1.sv" Line 1267
## quit
INFO: [Common 17-206] Exiting xsim at Mon Aug 31 11:37:44 2026...
