A17_6_PROTECTED_FLOW=START
ACTION=execute
EXPECTED_XCLBIN_SHA256=b8d2034906451cc755b6c01a50c94a4b841998c3e2794c6e417dd1ab952e46ae
EXPECTED_UUID=622c839f-55f4-47c1-92e9-95ee5595ffa4
EXPECTED_KERNEL=dlrm_f37x_rtl_kernel_stage2n_a17_v1
EXPECTED_CU=dlrm_a17_1
LIVE_XO_SHA256=15ded79ff75e7a12c464a8b1d65cc863cc6535ead673ba0ba445bb5e69a56be6
STALE_XO_SHA256=1bd10d1f2a8307380ca95922e13c1680fcc7c96aeb15189ced3dff1b58a2a047
STALE_XO_STATUS=SUPERSEDED_NOT_FOR_EXECUTION
HBM_BANKS=HBM[0],HBM[1],HBM[2],HBM[3]
FPGA_PROGRAMMING=NOT_RUN
BOARD=NOT_RUN
PERFORMANCE=NOT_CLAIMED
A17_6_HOST_PREP_CHECK=PASS
A17_6_GOLDEN_LOCK=PASS
A17_6_PER_BO_CASE_LAYOUT=PASS
A17_6_BOARD=NOT_RUN
A17_6_PERFORMANCE=NOT_CLAIMED
XSIM_RESULT_36_NOT_USED=1
A17_6_GOLDEN_LOCK=PASS
A17_6_MEM_MAP=PASS
MEMORY_INDICES_BY_ARGUMENT=0,1,2,3
OUTPUT=/home/chaosuan/gpf/gpf_f37x_dlrm/f37x_dlrm_rtl_stage2n_a17_6_buildonly/results/stage2n_a17_6/protected_v1/20260910_100942/a17_6_mem_map.txt
MEM_MAP=/home/chaosuan/gpf/gpf_f37x_dlrm/f37x_dlrm_rtl_stage2n_a17_6_buildonly/results/stage2n_a17_6/protected_v1/20260910_100942/a17_6_mem_map.txt
============================================================
Stage 2N-A17.6 protected board authorization
TARGET_INDEX=2
TARGET_BDF=0000:9b:00.1
TARGET_RENDER=/dev/dri/renderD129
XCLBIN_SHA256=b8d2034906451cc755b6c01a50c94a4b841998c3e2794c6e417dd1ab952e46ae
XCLBIN_UUID=622c839f-55f4-47c1-92e9-95ee5595ffa4
KERNEL=dlrm_f37x_rtl_kernel_stage2n_a17_v1
CU=dlrm_a17_1
HBM_BANKS=HBM[0],HBM[1],HBM[2],HBM[3]
HBM[0]=REQUIRED
HBM[3]=REQUIRED
CURRENT_UUID=99c4e8c6-2ee5-421d-8510-b74acff9fa6a
ACTION_PROGRAM_FPGA_IF_NEEDED=YES
ACTION_ALLOCATE_FOUR_HBM_BOS=YES
ACTION_RUN_COMPLETE_DLRM_INFERENCE=YES
FPGA_RESET=NOT_RUN
GLOBAL_HBM_CLEANUP=NOT_RUN
OTHER_DEVICE_ACCESS=NONE
============================================================
INFO: Found total 4 card(s), 4 are usable
INFO: xbutil program succeeded.
STAGE2N_A17_6_FOUR_BO_HOST_V1_FAIL
REASON=memory map missing argument 0
A17_6_BO_CLEANUP=ATTEMPTED_RAII
ERROR: A17.6 Host returned 1
A17_6_BOARD=NOT_RUN
FPGA_PROGRAMMING=NOT_RUN
NO FPGA RESET OR GLOBAL HBM CLEANUP WAS ATTEMPTED
