A17_6_REPEATABILITY=START
KIND=PROCESS_RESTART_NOT_STEADY_STATE
WARMUP_ROUNDS=1
MEASURED_ROUNDS=11
FORCE_NO_PROGRAM=yes
EXPECTED_UUID=622c839f-55f4-47c1-92e9-95ee5595ffa4
CURRENT_UUID=622c839f-55f4-47c1-92e9-95ee5595ffa4
HOST_EXECUTE_SHA256=9ba376589f56d99efca6e42328d347a6539ba1c40bba56d21ab690d87e7f20fc
HOST_SOURCE_SHA256=7073b4d976e54f73887c21714a3a4d8bdf65cdf3a272e620fb54c09963ee55ce
XCLBIN_SHA256=b8d2034906451cc755b6c01a50c94a4b841998c3e2794c6e417dd1ab952e46ae
PERFORMANCE=NOT_CLAIMED
A16_NOT_AUTHORIZED=1
ROUND=0 ROLE=WARMUP START
ROUND=0 ROLE=WARMUP STAMP=20260910_141723 RC=0
ROUND=1 ROLE=MEASURED START
ROUND=1 ROLE=MEASURED STAMP=20260910_141726 RC=0
ROUND=2 ROLE=MEASURED START
ROUND=2 ROLE=MEASURED STAMP=20260910_141730 RC=0
ROUND=3 ROLE=MEASURED START
ROUND=3 ROLE=MEASURED STAMP=20260910_141734 RC=0
ROUND=4 ROLE=MEASURED START
ROUND=4 ROLE=MEASURED STAMP=20260910_141737 RC=0
ROUND=5 ROLE=MEASURED START
ROUND=5 ROLE=MEASURED STAMP=20260910_141741 RC=0
ROUND=6 ROLE=MEASURED START
ROUND=6 ROLE=MEASURED STAMP=20260910_141745 RC=0
ROUND=7 ROLE=MEASURED START
ROUND=7 ROLE=MEASURED STAMP=20260910_141748 RC=0
ROUND=8 ROLE=MEASURED START
ROUND=8 ROLE=MEASURED STAMP=20260910_141752 RC=0
ROUND=9 ROLE=MEASURED START
ROUND=9 ROLE=MEASURED STAMP=20260910_141756 RC=0
ROUND=10 ROLE=MEASURED START
ROUND=10 ROLE=MEASURED STAMP=20260910_141800 RC=0
ROUND=11 ROLE=MEASURED START
ROUND=11 ROLE=MEASURED STAMP=20260910_141803 RC=0
A17_6_REPEATABILITY=PASS_PROCESS_RESTART_SLICE
