Copyright 1986-2020 Xilinx, Inc. All Rights Reserved.
-----------------------------------------------------------------------------------------------------------------------------------------------------------------------------------------------------
| Tool Version      : Vivado v.2020.2 (lin64) Build 3064766 Wed Nov 18 09:12:47 MST 2020
| Date              : Mon Aug 31 17:15:36 2026
| Host              : localhost.localdomain running 64-bit CentOS Linux release 7.6.1810 (Core)
| Command           : check_timing -verbose -file /home/chaosuan/gpf/gpf_f37x_dlrm/f37x_dlrm_rtl_stage2n_a16_2_buildonly/results/stage2n_a16_2/target_link_v1/post_route/post_route_check_timing.rpt
| Design            : pfm_top_wrapper
| Device            : xcvu37p-fsvh2892
| Speed File        : -2L  PRODUCTION 1.28 05-08-2020
| Temperature Grade : E
-----------------------------------------------------------------------------------------------------------------------------------------------------------------------------------------------------


check_timing report

Table of Contents
-----------------
1. checking no_clock (0)
2. checking constant_clock (0)
3. checking pulse_width_clock (0)
4. checking unconstrained_internal_endpoints (0)
5. checking no_input_delay (13)
6. checking no_output_delay (16)
7. checking multiple_clock (0)
8. checking generated_clocks (0)
9. checking loops (0)
10. checking partial_input_delay (0)
11. checking partial_output_delay (0)
12. checking latch_loops (0)

1. checking no_clock (0)
------------------------
 There are 0 register/latch pins with no clock.


2. checking constant_clock (0)
------------------------------
 There are 0 register/latch pins with constant_clock.


3. checking pulse_width_clock (0)
---------------------------------
 There are 0 register/latch pins which need pulse_width check


4. checking unconstrained_internal_endpoints (0)
------------------------------------------------
 There are 0 pins that are not constrained for maximum delay.

 There are 0 pins that are not constrained for maximum delay due to constant clock.


5. checking no_input_delay (13)
-------------------------------
 There are 13 input ports with no input delay specified. (HIGH)

BMC_GPIO_tri_io[0]
BMC_GPIO_tri_io[1]
BMC_GPIO_tri_io[2]
BMC_GPIO_tri_io[3]
BMC_UART_rxd
QSFP0_INT_L[0]
QSFP0_MODPRS_L[0]
QSFP1_INT_L[0]
QSFP1_MODPRS_L[0]
USB_UART_rxd
iic_scl_io
iic_sda_io
perst_n

 There are 0 input ports with no input delay but user has a false path constraint.


6. checking no_output_delay (16)
--------------------------------
 There are 16 ports with no output delay specified. (HIGH)

BMC_GPIO_tri_io[0]
BMC_GPIO_tri_io[1]
BMC_GPIO_tri_io[2]
BMC_GPIO_tri_io[3]
BMC_UART_txd
QSFP0_LPMODE[0]
QSFP0_MODSEL_L[0]
QSFP0_RESET_L[0]
QSFP1_LPMODE[0]
QSFP1_MODSEL_L[0]
QSFP1_RESET_L[0]
USB_UART_txd
hbm_mss_DRAM_STAT_CATTRIP
iic_reset_n[0]
iic_scl_io
iic_sda_io

 There are 0 ports with no output delay but user has a false path constraint

 There are 0 ports with no output delay but with a timing clock defined on it or propagating through it


7. checking multiple_clock (0)
------------------------------
 There are 0 register/latch pins with multiple clocks.


8. checking generated_clocks (0)
--------------------------------
 There are 0 generated clocks that are not connected to a clock source.


9. checking loops (0)
---------------------
 There are 0 combinational loops in the design.


10. checking partial_input_delay (0)
------------------------------------
 There are 0 input ports with partial input delay specified.


11. checking partial_output_delay (0)
-------------------------------------
 There are 0 ports with partial output delay specified.


12. checking latch_loops (0)
----------------------------
 There are 0 combinational latch loops in the design through latch input


