XILINX_XRT=/opt/xilinx/xrt
XRT_VERSION_JSON_BEGIN
{
  "BUILD_VERSION" : "2.9.210507",
  "BUILD_VERSION_DATE" : "Fri, 07 May 2021 20:56:44 +0800",
  "BUILD_BRANCH" : "HEAD",
  "VERSION_HASH" : "b0230e59e22351fb957dc46a6e68d7560e5f630c",
  "VERSION_HASH_DATE" : "Wed, 10 Mar 2021 21:43:11 -0800"
}

XRT_VERSION_JSON_END
XRT_VERSION_H_BEGIN
#ifndef _XRT_VERSION_H_
#define _XRT_VERSION_H_

static const char xrt_build_version[] = "2.9.210507";

static const char xrt_build_version_branch[] = "HEAD";

static const char xrt_build_version_hash[] = "b0230e59e22351fb957dc46a6e68d7560e5f630c";

static const char xrt_build_version_hash_date[] = "Wed, 10 Mar 2021 21:43:11 -0800";

static const char xrt_build_version_date_rfc[] = "Fri, 07 May 2021 20:56:44 +0800";

static const char xrt_build_version_date[] = "2021-05-07 20:56:44";

static const char xrt_modified_files[] = "";

#define XRT_DRIVER_VERSION "2.9.210507,b0230e59e22351fb957dc46a6e68d7560e5f630c"

# ifdef __cplusplus
#include <iostream>
#include <string>

namespace xrt { 

class version {
 public:
  static void print(std::ostream & output)
  {
     output << "       XRT Build Version: " << xrt_build_version << std::endl;
     output << "    Build Version Branch: " << xrt_build_version_branch << std::endl;
     output << "      Build Version Hash: " << xrt_build_version_hash << std::endl;
     output << " Build Version Hash Date: " << xrt_build_version_hash_date << std::endl;
     output << "      Build Version Date: " << xrt_build_version_date_rfc << std::endl;
  
     std::string modifiedFiles(xrt_modified_files);
     if ( !modifiedFiles.empty() ) {
        const std::string& delimiters = ",";      // Our delimiter
        std::string::size_type lastPos = 0;
        int runningIndex = 1;
        while(lastPos < modifiedFiles.length() + 1) {
          if (runningIndex == 1) {
             output << "  Current Modified Files: ";
          } else {
             output << "                          ";
          }
          output << runningIndex++ << ") ";
  
          std::string::size_type pos = modifiedFiles.find_first_of(delimiters, lastPos);
  
          if (pos == std::string::npos) {
            pos = modifiedFiles.length();
          }
  
          output << modifiedFiles.substr(lastPos, pos-lastPos) << std::endl;
  
          lastPos = pos + 1;
        }
     }
  }
};
}
#endif

#endif 

XRT_VERSION_H_END
