A16_2_HOST_START=1
TARGET_INDEX=2
TARGET_BDF=0000:9b:00.1
XCLBIN_UUID=f18571de-4a43-46bd-8ab9-a89dd4b11f8e
IP_NAME=dlrm_f37x_rtl_kernel_stage2n_a16_v1:dlrm_a16_1
IP_INDEX=0
HBM_BANK=HBM[0]
HBM_MEMORY_INDEX=0
BO_SIZE_BYTES=4096
BO_PADDR_HEX=0x0000000000000000
MODEL_DESCRIPTOR_COUNT=5
MODEL_WEIGHT_COUNT=1360
MODEL_BIAS_COUNT=73
CASE0_NAME=baseline
CASE0_EXPECTED_RESULT=-393
CASE0_ACTUAL_RESULT=-393
CASE0_TABLE_BASE_LO_HEX=0x00000000
CASE0_TABLE_BASE_HI_HEX=0x00000000
CASE0_EMBEDDING_LOADED_MASK=0xF
CASE0_BOTTOM_CYCLES=322
CASE0_INTERACTION_CYCLES=100
CASE0_TOP_CYCLES=744
CASE0_COMPUTE_TOTAL_CYCLES=1174
CASE0_HBM_LOOKUP_CYCLES=112
CASE0_FPGA_END_TO_END_CYCLES=1289
CASE0_PIPELINE_OVERHEAD_CYCLES=3
CASE0_LATENCY_ACCOUNTING=PASS
CASE0_COMPLETE_DLRM_RESULT=PASS
CASE1_NAME=slot0_sensitivity
CASE1_EXPECTED_RESULT=-392
CASE1_ACTUAL_RESULT=-392
CASE1_TABLE_BASE_LO_HEX=0x00000000
CASE1_TABLE_BASE_HI_HEX=0x00000000
CASE1_EMBEDDING_LOADED_MASK=0xF
CASE1_BOTTOM_CYCLES=322
CASE1_INTERACTION_CYCLES=100
CASE1_TOP_CYCLES=744
CASE1_COMPUTE_TOTAL_CYCLES=1174
CASE1_HBM_LOOKUP_CYCLES=112
CASE1_FPGA_END_TO_END_CYCLES=1289
CASE1_PIPELINE_OVERHEAD_CYCLES=3
CASE1_LATENCY_ACCOUNTING=PASS
CASE1_COMPLETE_DLRM_RESULT=PASS
CASE2_NAME=slot1_sensitivity
CASE2_EXPECTED_RESULT=-93
CASE2_ACTUAL_RESULT=-93
CASE2_TABLE_BASE_LO_HEX=0x00000000
CASE2_TABLE_BASE_HI_HEX=0x00000000
CASE2_EMBEDDING_LOADED_MASK=0xF
CASE2_BOTTOM_CYCLES=322
CASE2_INTERACTION_CYCLES=100
CASE2_TOP_CYCLES=744
CASE2_COMPUTE_TOTAL_CYCLES=1174
CASE2_HBM_LOOKUP_CYCLES=112
CASE2_FPGA_END_TO_END_CYCLES=1289
CASE2_PIPELINE_OVERHEAD_CYCLES=3
CASE2_LATENCY_ACCOUNTING=PASS
CASE2_COMPLETE_DLRM_RESULT=PASS
CASE3_NAME=slot2_sensitivity
CASE3_EXPECTED_RESULT=-689
CASE3_ACTUAL_RESULT=-689
CASE3_TABLE_BASE_LO_HEX=0x00000000
CASE3_TABLE_BASE_HI_HEX=0x00000000
CASE3_EMBEDDING_LOADED_MASK=0xF
CASE3_BOTTOM_CYCLES=322
CASE3_INTERACTION_CYCLES=100
CASE3_TOP_CYCLES=744
CASE3_COMPUTE_TOTAL_CYCLES=1174
CASE3_HBM_LOOKUP_CYCLES=112
CASE3_FPGA_END_TO_END_CYCLES=1289
CASE3_PIPELINE_OVERHEAD_CYCLES=3
CASE3_LATENCY_ACCOUNTING=PASS
CASE3_COMPLETE_DLRM_RESULT=PASS
CASE4_NAME=slot3_sensitivity
CASE4_EXPECTED_RESULT=-519
CASE4_ACTUAL_RESULT=-519
CASE4_TABLE_BASE_LO_HEX=0x00000000
CASE4_TABLE_BASE_HI_HEX=0x00000000
CASE4_EMBEDDING_LOADED_MASK=0xF
CASE4_BOTTOM_CYCLES=322
CASE4_INTERACTION_CYCLES=100
CASE4_TOP_CYCLES=744
CASE4_COMPUTE_TOTAL_CYCLES=1174
CASE4_HBM_LOOKUP_CYCLES=112
CASE4_FPGA_END_TO_END_CYCLES=1289
CASE4_PIPELINE_OVERHEAD_CYCLES=3
CASE4_LATENCY_ACCOUNTING=PASS
CASE4_COMPLETE_DLRM_RESULT=PASS
A16_2_BO_CLEANUP=PASS
A16_2_ALL_FIVE_CASES=PASS
A16_2_PHYSICAL_HBM_FUNCTIONAL_HOST=PASS
A16_2_PHYSICAL_HBM_LATENCY_COUNTERS=PASS
A16_2_PERFORMANCE=NOT_CLAIMED
STAGE2N_A16_2_PHYSICAL_LATENCY_V1=PASS
