A16_2_SOURCE_VALIDATION=PASS
A16_2_ABI_VALIDATION=PASS
A16_2_PROTECTION_GATE=PASS
A16_2_RTL_SOURCE_COUNT=17
A16_2_A16_RTL_SHA256=a6eec09c4ebfe358751f7dfc31c2e77d509cd55d4fc8953f465a2227c3e7f7a5
A16_2_HOST_SHA256=d2c4036bcaccba702d70fe772a436501568c593dd5b92bc08edb7d7502dafc99
A16_2_RUNNER_SHA256=8370ec2f6128243a5f15e7a83a8c0c432b2cde6bf959504769d71323dc31c3ba
A16_2_TARGET_XO_BUILD=NOT_RUN_TARGET_REQUIRED
A16_2_TARGET_XCLBIN_LINK=NOT_RUN_TARGET_REQUIRED
A16_2_TARGET_TIMING=NOT_RUN_TARGET_REQUIRED
A16_2_PHYSICAL_HBM_LATENCY=NOT_VALIDATED
A16_2_PERFORMANCE=NOT_CLAIMED
SERVER_ACCESS=NONE
NETWORK_ACCESS=NONE
FPGA_DEVICE_ACCESS=NONE
BOARD_LOG_SELF_TEST_GOOD=PASS
BOARD_LOG_SELF_TEST_REJECT_MISSING_LOOKUP=PASS
BOARD_LOG_SELF_TEST_REJECT_RESULT_MISMATCH=PASS
BOARD_LOG_SELF_TEST_REJECT_ZERO_LOOKUP=PASS
BOARD_LOG_SELF_TEST_REJECT_NEGATIVE_ACCOUNTING=PASS
BOARD_LOG_SELF_TEST_REJECT_ACCOUNTING_MISMATCH=PASS
BOARD_LOG_SELF_TEST_REJECT_COMPUTE_ABI_CHANGE=PASS
A16_2_BOARD_LOG_VALIDATOR_SELF_TEST=PASS
============================================================
Stage 2N-A16.2 protected board authorization
TARGET_INDEX=2
TARGET_BDF=0000:9b:00.1
TARGET_RENDER=/dev/dri/renderD129
XCLBIN_SHA256=5f0d6fefab1549d2e1969df3d8775409bbfac33cb46d07e7abde99abdf04b8b4
XCLBIN_UUID=f18571de-4a43-46bd-8ab9-a89dd4b11f8e
KERNEL=dlrm_f37x_rtl_kernel_stage2n_a16_v1
CU=dlrm_a16_1
HBM_BANK=HBM[0]
ACTION_PROGRAM_FPGA_IF_NEEDED=YES
ACTION_ALLOCATE_HBM0_BO=YES
ACTION_RUN_COMPLETE_DLRM_INFERENCE=YES
FPGA_RESET=NOT_RUN
GLOBAL_HBM_CLEANUP=NOT_RUN
OTHER_DEVICE_ACCESS=NONE
============================================================
Proceed with this protected A16.2 latency run? [yes/no] INFO: Found total 4 card(s), 4 are usable
INFO: xbutil program succeeded.
A16_2_HOST_START=1
TARGET_INDEX=2
TARGET_BDF=0000:9b:00.1
XCLBIN_UUID=f18571de-4a43-46bd-8ab9-a89dd4b11f8e
IP_NAME=dlrm_f37x_rtl_kernel_stage2n_a16_v1:dlrm_a16_1
IP_INDEX=0
HBM_BANK=HBM[0]
HBM_MEMORY_INDEX=0
BO_SIZE_BYTES=4096
BO_PADDR_HEX=0x0000000000000000
MODEL_DESCRIPTOR_COUNT=5
MODEL_WEIGHT_COUNT=1360
MODEL_BIAS_COUNT=73
CASE0_NAME=baseline
CASE0_EXPECTED_RESULT=-393
CASE0_ACTUAL_RESULT=-393
CASE0_TABLE_BASE_LO_HEX=0x00000000
CASE0_TABLE_BASE_HI_HEX=0x00000000
CASE0_EMBEDDING_LOADED_MASK=0xF
CASE0_BOTTOM_CYCLES=322
CASE0_INTERACTION_CYCLES=100
CASE0_TOP_CYCLES=744
CASE0_COMPUTE_TOTAL_CYCLES=1174
CASE0_HBM_LOOKUP_CYCLES=112
CASE0_FPGA_END_TO_END_CYCLES=1289
CASE0_PIPELINE_OVERHEAD_CYCLES=3
CASE0_LATENCY_ACCOUNTING=PASS
CASE0_COMPLETE_DLRM_RESULT=PASS
CASE1_NAME=slot0_sensitivity
CASE1_EXPECTED_RESULT=-392
CASE1_ACTUAL_RESULT=-392
CASE1_TABLE_BASE_LO_HEX=0x00000000
CASE1_TABLE_BASE_HI_HEX=0x00000000
CASE1_EMBEDDING_LOADED_MASK=0xF
CASE1_BOTTOM_CYCLES=322
CASE1_INTERACTION_CYCLES=100
CASE1_TOP_CYCLES=744
CASE1_COMPUTE_TOTAL_CYCLES=1174
CASE1_HBM_LOOKUP_CYCLES=112
CASE1_FPGA_END_TO_END_CYCLES=1289
CASE1_PIPELINE_OVERHEAD_CYCLES=3
CASE1_LATENCY_ACCOUNTING=PASS
CASE1_COMPLETE_DLRM_RESULT=PASS
CASE2_NAME=slot1_sensitivity
CASE2_EXPECTED_RESULT=-93
CASE2_ACTUAL_RESULT=-93
CASE2_TABLE_BASE_LO_HEX=0x00000000
CASE2_TABLE_BASE_HI_HEX=0x00000000
CASE2_EMBEDDING_LOADED_MASK=0xF
CASE2_BOTTOM_CYCLES=322
CASE2_INTERACTION_CYCLES=100
CASE2_TOP_CYCLES=744
CASE2_COMPUTE_TOTAL_CYCLES=1174
CASE2_HBM_LOOKUP_CYCLES=112
CASE2_FPGA_END_TO_END_CYCLES=1289
CASE2_PIPELINE_OVERHEAD_CYCLES=3
CASE2_LATENCY_ACCOUNTING=PASS
CASE2_COMPLETE_DLRM_RESULT=PASS
CASE3_NAME=slot2_sensitivity
CASE3_EXPECTED_RESULT=-689
CASE3_ACTUAL_RESULT=-689
CASE3_TABLE_BASE_LO_HEX=0x00000000
CASE3_TABLE_BASE_HI_HEX=0x00000000
CASE3_EMBEDDING_LOADED_MASK=0xF
CASE3_BOTTOM_CYCLES=322
CASE3_INTERACTION_CYCLES=100
CASE3_TOP_CYCLES=744
CASE3_COMPUTE_TOTAL_CYCLES=1174
CASE3_HBM_LOOKUP_CYCLES=112
CASE3_FPGA_END_TO_END_CYCLES=1289
CASE3_PIPELINE_OVERHEAD_CYCLES=3
CASE3_LATENCY_ACCOUNTING=PASS
CASE3_COMPLETE_DLRM_RESULT=PASS
CASE4_NAME=slot3_sensitivity
CASE4_EXPECTED_RESULT=-519
CASE4_ACTUAL_RESULT=-519
CASE4_TABLE_BASE_LO_HEX=0x00000000
CASE4_TABLE_BASE_HI_HEX=0x00000000
CASE4_EMBEDDING_LOADED_MASK=0xF
CASE4_BOTTOM_CYCLES=322
CASE4_INTERACTION_CYCLES=100
CASE4_TOP_CYCLES=744
CASE4_COMPUTE_TOTAL_CYCLES=1174
CASE4_HBM_LOOKUP_CYCLES=112
CASE4_FPGA_END_TO_END_CYCLES=1289
CASE4_PIPELINE_OVERHEAD_CYCLES=3
CASE4_LATENCY_ACCOUNTING=PASS
CASE4_COMPLETE_DLRM_RESULT=PASS
A16_2_BO_CLEANUP=PASS
A16_2_ALL_FIVE_CASES=PASS
A16_2_PHYSICAL_HBM_FUNCTIONAL_HOST=PASS
A16_2_PHYSICAL_HBM_LATENCY_COUNTERS=PASS
A16_2_PERFORMANCE=NOT_CLAIMED
STAGE2N_A16_2_PHYSICAL_LATENCY_V1=PASS
A16_2_BOARD_LOG_VALIDATION=PASS
A16_2_CASE_COUNT=5
A16_2_LATENCY_ACCOUNTING=PASS
A16_2_PHYSICAL_HBM_LATENCY=VALIDATED_BY_RETURNED_HOST_LOG
A16_2_PERFORMANCE=NOT_CLAIMED
A16_2_FIXED_XCLBIN_IDENTITY=PASS
A16_2_DEVICE_IDENTITY=PASS
A16_2_FPGA_PROGRAMMING=PASS
A16_2_HBM0_BO_ALLOCATION=PASS
A16_2_PAYLOAD_TRANSFER=PASS
A16_2_TABLE_BASE_PROGRAMMING=PASS
A16_2_BASELINE_CASE=PASS
A16_2_SLOT0_SENSITIVITY=PASS
A16_2_SLOT1_SENSITIVITY=PASS
A16_2_SLOT2_SENSITIVITY=PASS
A16_2_SLOT3_SENSITIVITY=PASS
A16_2_COMPLETE_DLRM_RESULT=PASS
A16_2_BO_CLEANUP=PASS
A16_2_PHYSICAL_HBM=PASS
A16_2_PHYSICAL_HBM_LATENCY=PASS
A16_2_BOARD_FUNCTIONAL=PASS
A16_2_PERFORMANCE=NOT_CLAIMED
FPGA_RESET=NOT_RUN
OTHER_DEVICE_ACCESS=NONE
LATENCY_VALIDATION_LOG=/home/chaosuan/gpf/gpf_f37x_dlrm/f37x_dlrm_rtl_stage2n_a16_2_buildonly/results/stage2n_a16_2/physical_latency_v1/20260831_182443/latency_validation.log
