A17_6_PROTECTED_FLOW=START
ACTION=execute
EXPECTED_XCLBIN_SHA256=b8d2034906451cc755b6c01a50c94a4b841998c3e2794c6e417dd1ab952e46ae
EXPECTED_UUID=622c839f-55f4-47c1-92e9-95ee5595ffa4
EXPECTED_KERNEL=dlrm_f37x_rtl_kernel_stage2n_a17_v1
EXPECTED_CU=dlrm_a17_1
LIVE_XO_SHA256=15ded79ff75e7a12c464a8b1d65cc863cc6535ead673ba0ba445bb5e69a56be6
STALE_XO_SHA256=1bd10d1f2a8307380ca95922e13c1680fcc7c96aeb15189ced3dff1b58a2a047
STALE_XO_STATUS=SUPERSEDED_NOT_FOR_EXECUTION
HBM_BANKS=HBM[0],HBM[1],HBM[2],HBM[3]
FPGA_PROGRAMMING=NOT_RUN
BOARD=NOT_RUN
PERFORMANCE=NOT_CLAIMED
A17_6_HOST_PREP_CHECK=PASS
A17_6_GOLDEN_LOCK=PASS
A17_6_PER_BO_CASE_LAYOUT=PASS
A17_6_BOARD=NOT_RUN
A17_6_PERFORMANCE=NOT_CLAIMED
XSIM_RESULT_36_NOT_USED=1
A17_6_GOLDEN_LOCK=PASS
A17_6_HOST_ELF_IDENTITY=PASS
HOST_EXECUTE_PATH=/home/chaosuan/gpf/gpf_f37x_dlrm/f37x_dlrm_rtl_stage2n_a17_6_buildonly/build/stage2n_a17_6/host_v1/stage2n_a17_6_four_bo_host_v1
HOST_EXECUTE_SHA256=9ba376589f56d99efca6e42328d347a6539ba1c40bba56d21ab690d87e7f20fc
HOST_EXECUTE_BYTES=84488
HOST_SOURCE_SHA256=7073b4d976e54f73887c21714a3a4d8bdf65cdf3a272e620fb54c09963ee55ce
HOST_BUILD_RECORD_ELF_SHA256=9ba376589f56d99efca6e42328d347a6539ba1c40bba56d21ab690d87e7f20fc
HOST_BUILD_RECORD_SOURCE_SHA256=7073b4d976e54f73887c21714a3a4d8bdf65cdf3a272e620fb54c09963ee55ce
HOST_RUNTIME_PROCESS_HASH=NOT_CLAIMED
NOTE=trio match is execute-time file identity, not a reconstructed
NOTE=hash from a previous run that omitted the pre-exec hash
HOST_IDENTITY_CHECKED_BEFORE_PROGRAM=YES
HOST_EXECUTE_PATH=/home/chaosuan/gpf/gpf_f37x_dlrm/f37x_dlrm_rtl_stage2n_a17_6_buildonly/build/stage2n_a17_6/host_v1/stage2n_a17_6_four_bo_host_v1
A17_6_MEM_MAP=PASS
MEMORY_INDICES_BY_ARGUMENT=0,1,2,3
OUTPUT=/home/chaosuan/gpf/gpf_f37x_dlrm/f37x_dlrm_rtl_stage2n_a17_6_buildonly/results/stage2n_a17_6/protected_v1/20260910_141723/a17_6_mem_map.txt
MEM_MAP=/home/chaosuan/gpf/gpf_f37x_dlrm/f37x_dlrm_rtl_stage2n_a17_6_buildonly/results/stage2n_a17_6/protected_v1/20260910_141723/a17_6_mem_map.txt
============================================================
Stage 2N-A17.6 protected board authorization
TARGET_INDEX=2
TARGET_BDF=0000:9b:00.1
TARGET_RENDER=/dev/dri/renderD129
XCLBIN_SHA256=b8d2034906451cc755b6c01a50c94a4b841998c3e2794c6e417dd1ab952e46ae
XCLBIN_UUID=622c839f-55f4-47c1-92e9-95ee5595ffa4
HOST_EXECUTE_PATH=/home/chaosuan/gpf/gpf_f37x_dlrm/f37x_dlrm_rtl_stage2n_a17_6_buildonly/build/stage2n_a17_6/host_v1/stage2n_a17_6_four_bo_host_v1
HOST_EXPECTED_ELF_SHA256=9ba376589f56d99efca6e42328d347a6539ba1c40bba56d21ab690d87e7f20fc
HOST_EXPECTED_SOURCE_SHA256=7073b4d976e54f73887c21714a3a4d8bdf65cdf3a272e620fb54c09963ee55ce
KERNEL=dlrm_f37x_rtl_kernel_stage2n_a17_v1
CU=dlrm_a17_1
HBM_BANKS=HBM[0],HBM[1],HBM[2],HBM[3]
HBM[0]=REQUIRED
HBM[3]=REQUIRED
CURRENT_UUID=622c839f-55f4-47c1-92e9-95ee5595ffa4
A17_6_FORCE_NO_PROGRAM=yes
ACTION_PROGRAM_FPGA_IF_NEEDED=NO_ALREADY_LOADED
ACTION_ALLOCATE_FOUR_HBM_BOS=YES
ACTION_RUN_COMPLETE_DLRM_INFERENCE=YES
FPGA_RESET=NOT_RUN
GLOBAL_HBM_CLEANUP=NOT_RUN
OTHER_DEVICE_ACCESS=NONE
============================================================
A17_6_PROGRAM=SKIPPED_ALREADY_LOADED
HOST_EXIT_CODE=0
HOST_EXECUTE_PATH=/home/chaosuan/gpf/gpf_f37x_dlrm/f37x_dlrm_rtl_stage2n_a17_6_buildonly/build/stage2n_a17_6/host_v1/stage2n_a17_6_four_bo_host_v1
A17_6_HOST_START=1
TARGET_INDEX=2
TARGET_BDF=0000:9b:00.1
XCLBIN_UUID=622c839f-55f4-47c1-92e9-95ee5595ffa4
IP_NAME=dlrm_f37x_rtl_kernel_stage2n_a17_v1:dlrm_a17_1
IP_INDEX=0
PIPE_VERSION_HEX=0x00024e17
XSIM_RESULT_36_NOT_USED=1
FUNCTIONAL_CASES=5
FIXED_ROWS=37,38,39,40
PER_BO_LAYOUT=restore_baseline_then_mutate_owned_slot_only
BO_COUNT=4
MAP_ARG0_TAG=HBM[0]
MAP_ARG0_MEM_INDEX=0
BO0_TAG=HBM[0]
BO0_MEM_INDEX=0
BO0_HANDLE=1
BO0_REQUESTED_SIZE=1024
BO0_PROPERTIES_SIZE=4096
BO0_PADDR_HEX=0x0000000000000000
MAP_ARG1_TAG=HBM[1]
MAP_ARG1_MEM_INDEX=1
BO1_TAG=HBM[1]
BO1_MEM_INDEX=1
BO1_HANDLE=2
BO1_REQUESTED_SIZE=1024
BO1_PROPERTIES_SIZE=4096
BO1_PADDR_HEX=0x0000000010000000
MAP_ARG2_TAG=HBM[2]
MAP_ARG2_MEM_INDEX=2
BO2_TAG=HBM[2]
BO2_MEM_INDEX=2
BO2_HANDLE=3
BO2_REQUESTED_SIZE=1024
BO2_PROPERTIES_SIZE=4096
BO2_PADDR_HEX=0x0000000020000000
MAP_ARG3_TAG=HBM[3]
MAP_ARG3_MEM_INDEX=3
BO3_TAG=HBM[3]
BO3_MEM_INDEX=3
BO3_HANDLE=4
BO3_REQUESTED_SIZE=1024
BO3_PROPERTIES_SIZE=4096
BO3_PADDR_HEX=0x0000000030000000
MODEL_DESCRIPTOR_COUNT=5
MODEL_WEIGHT_COUNT=1360
MODEL_BIAS_COUNT=73
CASE0_NAME=baseline
CASE0_EXPECTED_RESULT=-393
CASE0_ACTUAL_RESULT=-393
CASE0_XSIM_RESULT_36_NOT_USED=1
CASE0_EMBEDDING_LOADED_MASK=0xF
CASE0_BOTTOM_CYCLES_ACTUAL=322
CASE0_INTERACTION_CYCLES_ACTUAL=100
CASE0_TOP_CYCLES_ACTUAL=744
CASE0_COMPUTE_TOTAL_CYCLES_ACTUAL=1174
CASE0_BOTTOM_CYCLES_EXPECTED=322
CASE0_INTERACTION_CYCLES_EXPECTED=100
CASE0_TOP_CYCLES_EXPECTED=744
CASE0_COMPUTE_TOTAL_CYCLES_EXPECTED=1174
CASE0_BOTTOM_CYCLES_DELTA=0
CASE0_INTERACTION_CYCLES_DELTA=0
CASE0_TOP_CYCLES_DELTA=0
CASE0_COMPUTE_TOTAL_CYCLES_DELTA=0
CASE0_HBM_LOOKUP_CYCLES_ACTUAL=33
CASE0_FPGA_END_TO_END_CYCLES_ACTUAL=1210
CASE0_PIPELINE_OVERHEAD_CYCLES_ACTUAL=3
CASE0_A16_2_LOOKUP_112_NOT_REQUIRED=1
CASE0_A16_2_E2E_1289_NOT_REQUIRED=1
CASE0_LATENCY_ACCOUNTING=RECORDED
CASE0_COMPLETE_DLRM_RESULT=PASS
CASE0_BO0_TAG=HBM[0]
CASE0_BO0_IMAGE=baseline
CASE0_BO0_HANDLE=1
CASE0_BO0_MEM_INDEX=0
CASE0_BO0_REQUESTED_SIZE=1024
CASE0_BO0_PROPERTIES_SIZE=4096
CASE0_BO0_PADDR_HEX=0x0000000000000000
CASE0_BASE0_LO_HEX=0x00000000
CASE0_BASE0_HI_HEX=0x00000000
CASE0_BO1_TAG=HBM[1]
CASE0_BO1_IMAGE=baseline
CASE0_BO1_HANDLE=2
CASE0_BO1_MEM_INDEX=1
CASE0_BO1_REQUESTED_SIZE=1024
CASE0_BO1_PROPERTIES_SIZE=4096
CASE0_BO1_PADDR_HEX=0x0000000010000000
CASE0_BASE1_LO_HEX=0x10000000
CASE0_BASE1_HI_HEX=0x00000000
CASE0_BO2_TAG=HBM[2]
CASE0_BO2_IMAGE=baseline
CASE0_BO2_HANDLE=3
CASE0_BO2_MEM_INDEX=2
CASE0_BO2_REQUESTED_SIZE=1024
CASE0_BO2_PROPERTIES_SIZE=4096
CASE0_BO2_PADDR_HEX=0x0000000020000000
CASE0_BASE2_LO_HEX=0x20000000
CASE0_BASE2_HI_HEX=0x00000000
CASE0_BO3_TAG=HBM[3]
CASE0_BO3_IMAGE=baseline
CASE0_BO3_HANDLE=4
CASE0_BO3_MEM_INDEX=3
CASE0_BO3_REQUESTED_SIZE=1024
CASE0_BO3_PROPERTIES_SIZE=4096
CASE0_BO3_PADDR_HEX=0x0000000030000000
CASE0_BASE3_LO_HEX=0x30000000
CASE0_BASE3_HI_HEX=0x00000000
CASE1_NAME=slot0_sensitivity
CASE1_EXPECTED_RESULT=-392
CASE1_ACTUAL_RESULT=-392
CASE1_XSIM_RESULT_36_NOT_USED=1
CASE1_EMBEDDING_LOADED_MASK=0xF
CASE1_BOTTOM_CYCLES_ACTUAL=322
CASE1_INTERACTION_CYCLES_ACTUAL=100
CASE1_TOP_CYCLES_ACTUAL=744
CASE1_COMPUTE_TOTAL_CYCLES_ACTUAL=1174
CASE1_BOTTOM_CYCLES_EXPECTED=322
CASE1_INTERACTION_CYCLES_EXPECTED=100
CASE1_TOP_CYCLES_EXPECTED=744
CASE1_COMPUTE_TOTAL_CYCLES_EXPECTED=1174
CASE1_BOTTOM_CYCLES_DELTA=0
CASE1_INTERACTION_CYCLES_DELTA=0
CASE1_TOP_CYCLES_DELTA=0
CASE1_COMPUTE_TOTAL_CYCLES_DELTA=0
CASE1_HBM_LOOKUP_CYCLES_ACTUAL=33
CASE1_FPGA_END_TO_END_CYCLES_ACTUAL=1210
CASE1_PIPELINE_OVERHEAD_CYCLES_ACTUAL=3
CASE1_A16_2_LOOKUP_112_NOT_REQUIRED=1
CASE1_A16_2_E2E_1289_NOT_REQUIRED=1
CASE1_LATENCY_ACCOUNTING=RECORDED
CASE1_COMPLETE_DLRM_RESULT=PASS
CASE1_BO0_TAG=HBM[0]
CASE1_BO0_IMAGE=slot0_sensitivity
CASE1_BO0_HANDLE=1
CASE1_BO0_MEM_INDEX=0
CASE1_BO0_REQUESTED_SIZE=1024
CASE1_BO0_PROPERTIES_SIZE=4096
CASE1_BO0_PADDR_HEX=0x0000000000000000
CASE1_BASE0_LO_HEX=0x00000000
CASE1_BASE0_HI_HEX=0x00000000
CASE1_BO1_TAG=HBM[1]
CASE1_BO1_IMAGE=baseline
CASE1_BO1_HANDLE=2
CASE1_BO1_MEM_INDEX=1
CASE1_BO1_REQUESTED_SIZE=1024
CASE1_BO1_PROPERTIES_SIZE=4096
CASE1_BO1_PADDR_HEX=0x0000000010000000
CASE1_BASE1_LO_HEX=0x10000000
CASE1_BASE1_HI_HEX=0x00000000
CASE1_BO2_TAG=HBM[2]
CASE1_BO2_IMAGE=baseline
CASE1_BO2_HANDLE=3
CASE1_BO2_MEM_INDEX=2
CASE1_BO2_REQUESTED_SIZE=1024
CASE1_BO2_PROPERTIES_SIZE=4096
CASE1_BO2_PADDR_HEX=0x0000000020000000
CASE1_BASE2_LO_HEX=0x20000000
CASE1_BASE2_HI_HEX=0x00000000
CASE1_BO3_TAG=HBM[3]
CASE1_BO3_IMAGE=baseline
CASE1_BO3_HANDLE=4
CASE1_BO3_MEM_INDEX=3
CASE1_BO3_REQUESTED_SIZE=1024
CASE1_BO3_PROPERTIES_SIZE=4096
CASE1_BO3_PADDR_HEX=0x0000000030000000
CASE1_BASE3_LO_HEX=0x30000000
CASE1_BASE3_HI_HEX=0x00000000
CASE2_NAME=slot1_sensitivity
CASE2_EXPECTED_RESULT=-93
CASE2_ACTUAL_RESULT=-93
CASE2_XSIM_RESULT_36_NOT_USED=1
CASE2_EMBEDDING_LOADED_MASK=0xF
CASE2_BOTTOM_CYCLES_ACTUAL=322
CASE2_INTERACTION_CYCLES_ACTUAL=100
CASE2_TOP_CYCLES_ACTUAL=744
CASE2_COMPUTE_TOTAL_CYCLES_ACTUAL=1174
CASE2_BOTTOM_CYCLES_EXPECTED=322
CASE2_INTERACTION_CYCLES_EXPECTED=100
CASE2_TOP_CYCLES_EXPECTED=744
CASE2_COMPUTE_TOTAL_CYCLES_EXPECTED=1174
CASE2_BOTTOM_CYCLES_DELTA=0
CASE2_INTERACTION_CYCLES_DELTA=0
CASE2_TOP_CYCLES_DELTA=0
CASE2_COMPUTE_TOTAL_CYCLES_DELTA=0
CASE2_HBM_LOOKUP_CYCLES_ACTUAL=33
CASE2_FPGA_END_TO_END_CYCLES_ACTUAL=1210
CASE2_PIPELINE_OVERHEAD_CYCLES_ACTUAL=3
CASE2_A16_2_LOOKUP_112_NOT_REQUIRED=1
CASE2_A16_2_E2E_1289_NOT_REQUIRED=1
CASE2_LATENCY_ACCOUNTING=RECORDED
CASE2_COMPLETE_DLRM_RESULT=PASS
CASE2_BO0_TAG=HBM[0]
CASE2_BO0_IMAGE=baseline
CASE2_BO0_HANDLE=1
CASE2_BO0_MEM_INDEX=0
CASE2_BO0_REQUESTED_SIZE=1024
CASE2_BO0_PROPERTIES_SIZE=4096
CASE2_BO0_PADDR_HEX=0x0000000000000000
CASE2_BASE0_LO_HEX=0x00000000
CASE2_BASE0_HI_HEX=0x00000000
CASE2_BO1_TAG=HBM[1]
CASE2_BO1_IMAGE=slot1_sensitivity
CASE2_BO1_HANDLE=2
CASE2_BO1_MEM_INDEX=1
CASE2_BO1_REQUESTED_SIZE=1024
CASE2_BO1_PROPERTIES_SIZE=4096
CASE2_BO1_PADDR_HEX=0x0000000010000000
CASE2_BASE1_LO_HEX=0x10000000
CASE2_BASE1_HI_HEX=0x00000000
CASE2_BO2_TAG=HBM[2]
CASE2_BO2_IMAGE=baseline
CASE2_BO2_HANDLE=3
CASE2_BO2_MEM_INDEX=2
CASE2_BO2_REQUESTED_SIZE=1024
CASE2_BO2_PROPERTIES_SIZE=4096
CASE2_BO2_PADDR_HEX=0x0000000020000000
CASE2_BASE2_LO_HEX=0x20000000
CASE2_BASE2_HI_HEX=0x00000000
CASE2_BO3_TAG=HBM[3]
CASE2_BO3_IMAGE=baseline
CASE2_BO3_HANDLE=4
CASE2_BO3_MEM_INDEX=3
CASE2_BO3_REQUESTED_SIZE=1024
CASE2_BO3_PROPERTIES_SIZE=4096
CASE2_BO3_PADDR_HEX=0x0000000030000000
CASE2_BASE3_LO_HEX=0x30000000
CASE2_BASE3_HI_HEX=0x00000000
CASE3_NAME=slot2_sensitivity
CASE3_EXPECTED_RESULT=-689
CASE3_ACTUAL_RESULT=-689
CASE3_XSIM_RESULT_36_NOT_USED=1
CASE3_EMBEDDING_LOADED_MASK=0xF
CASE3_BOTTOM_CYCLES_ACTUAL=322
CASE3_INTERACTION_CYCLES_ACTUAL=100
CASE3_TOP_CYCLES_ACTUAL=744
CASE3_COMPUTE_TOTAL_CYCLES_ACTUAL=1174
CASE3_BOTTOM_CYCLES_EXPECTED=322
CASE3_INTERACTION_CYCLES_EXPECTED=100
CASE3_TOP_CYCLES_EXPECTED=744
CASE3_COMPUTE_TOTAL_CYCLES_EXPECTED=1174
CASE3_BOTTOM_CYCLES_DELTA=0
CASE3_INTERACTION_CYCLES_DELTA=0
CASE3_TOP_CYCLES_DELTA=0
CASE3_COMPUTE_TOTAL_CYCLES_DELTA=0
CASE3_HBM_LOOKUP_CYCLES_ACTUAL=34
CASE3_FPGA_END_TO_END_CYCLES_ACTUAL=1211
CASE3_PIPELINE_OVERHEAD_CYCLES_ACTUAL=3
CASE3_A16_2_LOOKUP_112_NOT_REQUIRED=1
CASE3_A16_2_E2E_1289_NOT_REQUIRED=1
CASE3_LATENCY_ACCOUNTING=RECORDED
CASE3_COMPLETE_DLRM_RESULT=PASS
CASE3_BO0_TAG=HBM[0]
CASE3_BO0_IMAGE=baseline
CASE3_BO0_HANDLE=1
CASE3_BO0_MEM_INDEX=0
CASE3_BO0_REQUESTED_SIZE=1024
CASE3_BO0_PROPERTIES_SIZE=4096
CASE3_BO0_PADDR_HEX=0x0000000000000000
CASE3_BASE0_LO_HEX=0x00000000
CASE3_BASE0_HI_HEX=0x00000000
CASE3_BO1_TAG=HBM[1]
CASE3_BO1_IMAGE=baseline
CASE3_BO1_HANDLE=2
CASE3_BO1_MEM_INDEX=1
CASE3_BO1_REQUESTED_SIZE=1024
CASE3_BO1_PROPERTIES_SIZE=4096
CASE3_BO1_PADDR_HEX=0x0000000010000000
CASE3_BASE1_LO_HEX=0x10000000
CASE3_BASE1_HI_HEX=0x00000000
CASE3_BO2_TAG=HBM[2]
CASE3_BO2_IMAGE=slot2_sensitivity
CASE3_BO2_HANDLE=3
CASE3_BO2_MEM_INDEX=2
CASE3_BO2_REQUESTED_SIZE=1024
CASE3_BO2_PROPERTIES_SIZE=4096
CASE3_BO2_PADDR_HEX=0x0000000020000000
CASE3_BASE2_LO_HEX=0x20000000
CASE3_BASE2_HI_HEX=0x00000000
CASE3_BO3_TAG=HBM[3]
CASE3_BO3_IMAGE=baseline
CASE3_BO3_HANDLE=4
CASE3_BO3_MEM_INDEX=3
CASE3_BO3_REQUESTED_SIZE=1024
CASE3_BO3_PROPERTIES_SIZE=4096
CASE3_BO3_PADDR_HEX=0x0000000030000000
CASE3_BASE3_LO_HEX=0x30000000
CASE3_BASE3_HI_HEX=0x00000000
CASE4_NAME=slot3_sensitivity
CASE4_EXPECTED_RESULT=-519
CASE4_ACTUAL_RESULT=-519
CASE4_XSIM_RESULT_36_NOT_USED=1
CASE4_EMBEDDING_LOADED_MASK=0xF
CASE4_BOTTOM_CYCLES_ACTUAL=322
CASE4_INTERACTION_CYCLES_ACTUAL=100
CASE4_TOP_CYCLES_ACTUAL=744
CASE4_COMPUTE_TOTAL_CYCLES_ACTUAL=1174
CASE4_BOTTOM_CYCLES_EXPECTED=322
CASE4_INTERACTION_CYCLES_EXPECTED=100
CASE4_TOP_CYCLES_EXPECTED=744
CASE4_COMPUTE_TOTAL_CYCLES_EXPECTED=1174
CASE4_BOTTOM_CYCLES_DELTA=0
CASE4_INTERACTION_CYCLES_DELTA=0
CASE4_TOP_CYCLES_DELTA=0
CASE4_COMPUTE_TOTAL_CYCLES_DELTA=0
CASE4_HBM_LOOKUP_CYCLES_ACTUAL=33
CASE4_FPGA_END_TO_END_CYCLES_ACTUAL=1210
CASE4_PIPELINE_OVERHEAD_CYCLES_ACTUAL=3
CASE4_A16_2_LOOKUP_112_NOT_REQUIRED=1
CASE4_A16_2_E2E_1289_NOT_REQUIRED=1
CASE4_LATENCY_ACCOUNTING=RECORDED
CASE4_COMPLETE_DLRM_RESULT=PASS
CASE4_BO0_TAG=HBM[0]
CASE4_BO0_IMAGE=baseline
CASE4_BO0_HANDLE=1
CASE4_BO0_MEM_INDEX=0
CASE4_BO0_REQUESTED_SIZE=1024
CASE4_BO0_PROPERTIES_SIZE=4096
CASE4_BO0_PADDR_HEX=0x0000000000000000
CASE4_BASE0_LO_HEX=0x00000000
CASE4_BASE0_HI_HEX=0x00000000
CASE4_BO1_TAG=HBM[1]
CASE4_BO1_IMAGE=baseline
CASE4_BO1_HANDLE=2
CASE4_BO1_MEM_INDEX=1
CASE4_BO1_REQUESTED_SIZE=1024
CASE4_BO1_PROPERTIES_SIZE=4096
CASE4_BO1_PADDR_HEX=0x0000000010000000
CASE4_BASE1_LO_HEX=0x10000000
CASE4_BASE1_HI_HEX=0x00000000
CASE4_BO2_TAG=HBM[2]
CASE4_BO2_IMAGE=baseline
CASE4_BO2_HANDLE=3
CASE4_BO2_MEM_INDEX=2
CASE4_BO2_REQUESTED_SIZE=1024
CASE4_BO2_PROPERTIES_SIZE=4096
CASE4_BO2_PADDR_HEX=0x0000000020000000
CASE4_BASE2_LO_HEX=0x20000000
CASE4_BASE2_HI_HEX=0x00000000
CASE4_BO3_TAG=HBM[3]
CASE4_BO3_IMAGE=slot3_sensitivity
CASE4_BO3_HANDLE=4
CASE4_BO3_MEM_INDEX=3
CASE4_BO3_REQUESTED_SIZE=1024
CASE4_BO3_PROPERTIES_SIZE=4096
CASE4_BO3_PADDR_HEX=0x0000000030000000
CASE4_BASE3_LO_HEX=0x30000000
CASE4_BASE3_HI_HEX=0x00000000
REPEAT_BASELINE_NAME=baseline
REPEAT_BASELINE_EXPECTED_RESULT=-393
REPEAT_BASELINE_ACTUAL_RESULT=-393
REPEAT_BASELINE_XSIM_RESULT_36_NOT_USED=1
REPEAT_BASELINE_EMBEDDING_LOADED_MASK=0xF
REPEAT_BASELINE_BOTTOM_CYCLES_ACTUAL=322
REPEAT_BASELINE_INTERACTION_CYCLES_ACTUAL=100
REPEAT_BASELINE_TOP_CYCLES_ACTUAL=744
REPEAT_BASELINE_COMPUTE_TOTAL_CYCLES_ACTUAL=1174
REPEAT_BASELINE_BOTTOM_CYCLES_EXPECTED=322
REPEAT_BASELINE_INTERACTION_CYCLES_EXPECTED=100
REPEAT_BASELINE_TOP_CYCLES_EXPECTED=744
REPEAT_BASELINE_COMPUTE_TOTAL_CYCLES_EXPECTED=1174
REPEAT_BASELINE_BOTTOM_CYCLES_DELTA=0
REPEAT_BASELINE_INTERACTION_CYCLES_DELTA=0
REPEAT_BASELINE_TOP_CYCLES_DELTA=0
REPEAT_BASELINE_COMPUTE_TOTAL_CYCLES_DELTA=0
REPEAT_BASELINE_HBM_LOOKUP_CYCLES_ACTUAL=33
REPEAT_BASELINE_FPGA_END_TO_END_CYCLES_ACTUAL=1210
REPEAT_BASELINE_PIPELINE_OVERHEAD_CYCLES_ACTUAL=3
REPEAT_BASELINE_A16_2_LOOKUP_112_NOT_REQUIRED=1
REPEAT_BASELINE_A16_2_E2E_1289_NOT_REQUIRED=1
REPEAT_BASELINE_LATENCY_ACCOUNTING=RECORDED
REPEAT_BASELINE_COMPLETE_DLRM_RESULT=PASS
REPEAT_BASELINE_BO0_TAG=HBM[0]
REPEAT_BASELINE_BO0_IMAGE=baseline
REPEAT_BASELINE_BO0_HANDLE=1
REPEAT_BASELINE_BO0_MEM_INDEX=0
REPEAT_BASELINE_BO0_REQUESTED_SIZE=1024
REPEAT_BASELINE_BO0_PROPERTIES_SIZE=4096
REPEAT_BASELINE_BO0_PADDR_HEX=0x0000000000000000
REPEAT_BASELINE_BASE0_LO_HEX=0x00000000
REPEAT_BASELINE_BASE0_HI_HEX=0x00000000
REPEAT_BASELINE_BO1_TAG=HBM[1]
REPEAT_BASELINE_BO1_IMAGE=baseline
REPEAT_BASELINE_BO1_HANDLE=2
REPEAT_BASELINE_BO1_MEM_INDEX=1
REPEAT_BASELINE_BO1_REQUESTED_SIZE=1024
REPEAT_BASELINE_BO1_PROPERTIES_SIZE=4096
REPEAT_BASELINE_BO1_PADDR_HEX=0x0000000010000000
REPEAT_BASELINE_BASE1_LO_HEX=0x10000000
REPEAT_BASELINE_BASE1_HI_HEX=0x00000000
REPEAT_BASELINE_BO2_TAG=HBM[2]
REPEAT_BASELINE_BO2_IMAGE=baseline
REPEAT_BASELINE_BO2_HANDLE=3
REPEAT_BASELINE_BO2_MEM_INDEX=2
REPEAT_BASELINE_BO2_REQUESTED_SIZE=1024
REPEAT_BASELINE_BO2_PROPERTIES_SIZE=4096
REPEAT_BASELINE_BO2_PADDR_HEX=0x0000000020000000
REPEAT_BASELINE_BASE2_LO_HEX=0x20000000
REPEAT_BASELINE_BASE2_HI_HEX=0x00000000
REPEAT_BASELINE_BO3_TAG=HBM[3]
REPEAT_BASELINE_BO3_IMAGE=baseline
REPEAT_BASELINE_BO3_HANDLE=4
REPEAT_BASELINE_BO3_MEM_INDEX=3
REPEAT_BASELINE_BO3_REQUESTED_SIZE=1024
REPEAT_BASELINE_BO3_PROPERTIES_SIZE=4096
REPEAT_BASELINE_BO3_PADDR_HEX=0x0000000030000000
REPEAT_BASELINE_BASE3_LO_HEX=0x30000000
REPEAT_BASELINE_BASE3_HI_HEX=0x00000000
A17_6_BO_CLEANUP=PASS
A17_6_ALL_FIVE_CASES=PASS
A17_6_REPEAT_BASELINE=PASS
A17_6_PHYSICAL_HBM_FUNCTIONAL_HOST=EXECUTED
A17_6_PERFORMANCE=NOT_CLAIMED
STAGE2N_A17_6_FOUR_BO_HOST_V1=PASS
A17_6_FPGA_PROGRAMMING=SKIPPED_ALREADY_LOADED
A17_6_BOARD_FUNCTIONAL=HOST_RETURNED_PASS
A17_6_PERFORMANCE=NOT_CLAIMED
FPGA_RESET=NOT_RUN
OTHER_DEVICE_ACCESS=NONE
NOTE=physical four-bank PASS still requires a separate evidence review
