A16_2_REPEATABILITY=START
KIND=PROCESS_RESTART_NOT_STEADY_STATE
WARMUP_ROUNDS=1
MEASURED_ROUNDS=11
CASE_ORDER=CASE0,CASE1,CASE2,CASE3,CASE4
REPEAT_BASELINE=ABSENT_ON_FROZEN_A16_HOST
BO_INIT=one_HBM0_BO_reload_full_image_each_case
LOOKUP_START_A=first_AR_on_single_m_axi_gmem
EXPECTED_UUID=f18571de-4a43-46bd-8ab9-a89dd4b11f8e
EXPECTED_XCLBIN_SHA256=5f0d6fefab1549d2e1969df3d8775409bbfac33cb46d07e7abde99abdf04b8b4
EXPECTED_HOST_ELF_SHA256=de0abefc0b4dbadf74dd69e6875db9051a18ab34d8ab1a6a747073cb436d6f1b
EXPECTED_HOST_SOURCE_SHA256=d2c4036bcaccba702d70fe772a436501568c593dd5b92bc08edb7d7502dafc99
EXPECTED_FROZEN_EXECUTE_SHA256=8370ec2f6128243a5f15e7a83a8c0c432b2cde6bf959504769d71323dc31c3ba
ALLOWED_SOURCE_UUID=622c839f-55f4-47c1-92e9-95ee5595ffa4
ALLOWED_SOURCE_CU=dlrm_f37x_rtl_kernel_stage2n_a17_v1:dlrm_a17_1
KERNEL=dlrm_f37x_rtl_kernel_stage2n_a16_v1
CU=dlrm_a16_1
FROZEN_EXECUTE=scripts/program_and_run_stage2n_a16_2_physical_latency_v1.sh
TARGET_TREE=/home/chaosuan/gpf/gpf_f37x_dlrm/f37x_dlrm_rtl_stage2n_a16_2_buildonly
PERFORMANCE=NOT_CLAIMED
A16_A17_SPEEDUP=NOT_COMPUTED
A17_RESTORE_PROGRAM=NOT_AUTHORIZED
CURRENT_UUID=622c839f-55f4-47c1-92e9-95ee5595ffa4
HOST_EXECUTE_SHA256=de0abefc0b4dbadf74dd69e6875db9051a18ab34d8ab1a6a747073cb436d6f1b
HOST_SOURCE_SHA256=d2c4036bcaccba702d70fe772a436501568c593dd5b92bc08edb7d7502dafc99
XCLBIN_SHA256=5f0d6fefab1549d2e1969df3d8775409bbfac33cb46d07e7abde99abdf04b8b4
HOST_IDENTITY_CHECKED_BEFORE_PROGRAM=YES
WRAPS_FROZEN_EXECUTE=YES
ROUND=0 ROLE=WARMUP START
ROUND=0 ROLE=WARMUP STAMP=20260910_163904 RC=0
ROUND=1 ROLE=MEASURED START
ROUND=1 ROLE=MEASURED STAMP=20260910_163916 RC=0
ROUND=2 ROLE=MEASURED START
ROUND=2 ROLE=MEASURED STAMP=20260910_163922 RC=0
ROUND=3 ROLE=MEASURED START
ROUND=3 ROLE=MEASURED STAMP=20260910_163928 RC=0
ROUND=4 ROLE=MEASURED START
ROUND=4 ROLE=MEASURED STAMP=20260910_163934 RC=0
ROUND=5 ROLE=MEASURED START
ROUND=5 ROLE=MEASURED STAMP=20260910_163940 RC=0
ROUND=6 ROLE=MEASURED START
ROUND=6 ROLE=MEASURED STAMP=20260910_163946 RC=0
ROUND=7 ROLE=MEASURED START
ROUND=7 ROLE=MEASURED STAMP=20260910_163952 RC=0
ROUND=8 ROLE=MEASURED START
ROUND=8 ROLE=MEASURED STAMP=20260910_163958 RC=0
ROUND=9 ROLE=MEASURED START
ROUND=9 ROLE=MEASURED STAMP=20260910_164004 RC=0
ROUND=10 ROLE=MEASURED START
ROUND=10 ROLE=MEASURED STAMP=20260910_164010 RC=0
ROUND=11 ROLE=MEASURED START
ROUND=11 ROLE=MEASURED STAMP=20260910_164016 RC=0
A16_2_REPEATABILITY=PASS_PROCESS_RESTART_SLICE
