A18_3_HOST_MEM_MAP=PASS
ARG0_MEM_INDEX=0 ARG0_TAG=HBM[0]
ARG1_MEM_INDEX=1 ARG1_TAG=HBM[1]
ARG2_MEM_INDEX=2 ARG2_TAG=HBM[2]
ARG3_MEM_INDEX=3 ARG3_TAG=HBM[3]
A18_3_HOST_START=1
TARGET_INDEX=2
TARGET_BDF=0000:9b:00.1
XCLBIN_UUID=32a9c911-af15-47fc-90c8-0bfe3894a3ef
IP_NAME=dlrm_f37x_rtl_kernel_stage2n_a18_v1:dlrm_a18_1
IP_INDEX=0
PIPE_VERSION_HEX=0x00024e18
XSIM_RESULT_36_NOT_USED=1
A18_2_FIVE_CASE_SENSITIVITY_NOT_USED=1
FUNCTIONAL_TUPLES=5
PER_BO_LAYOUT=baseline_table_on_all_four_banks
BO_COUNT=4
SOFTWARE_GOLDENS_NOT_BOARD_PASS=1
MAP_ARG0_TAG=HBM[0]
MAP_ARG0_MEM_INDEX=0
BO0_TAG=HBM[0]
BO0_MEM_INDEX=0
BO0_HANDLE=1
BO0_REQUESTED_SIZE=1024
BO0_PROPERTIES_SIZE=4096
BO0_PADDR_HEX=0x0000000000000000
MAP_ARG1_TAG=HBM[1]
MAP_ARG1_MEM_INDEX=1
BO1_TAG=HBM[1]
BO1_MEM_INDEX=1
BO1_HANDLE=2
BO1_REQUESTED_SIZE=1024
BO1_PROPERTIES_SIZE=4096
BO1_PADDR_HEX=0x0000000010000000
MAP_ARG2_TAG=HBM[2]
MAP_ARG2_MEM_INDEX=2
BO2_TAG=HBM[2]
BO2_MEM_INDEX=2
BO2_HANDLE=3
BO2_REQUESTED_SIZE=1024
BO2_PROPERTIES_SIZE=4096
BO2_PADDR_HEX=0x0000000020000000
MAP_ARG3_TAG=HBM[3]
MAP_ARG3_MEM_INDEX=3
BO3_TAG=HBM[3]
BO3_MEM_INDEX=3
BO3_HANDLE=4
BO3_REQUESTED_SIZE=1024
BO3_PROPERTIES_SIZE=4096
BO3_PADDR_HEX=0x0000000030000000
MODEL_DESCRIPTOR_COUNT=5
MODEL_WEIGHT_COUNT=1360
MODEL_BIAS_COUNT=73
TUPLE0_NAME=default_37_38_39_40
TUPLE0_EXPECTED_RESULT=-393
TUPLE0_ACTUAL_RESULT=-393
TUPLE0_XSIM_RESULT_36_NOT_USED=1
TUPLE0_EMBEDDING_LOADED_MASK=0xF
TUPLE0_BOTTOM_CYCLES_ACTUAL=322
TUPLE0_INTERACTION_CYCLES_ACTUAL=100
TUPLE0_TOP_CYCLES_ACTUAL=744
TUPLE0_COMPUTE_TOTAL_CYCLES_ACTUAL=1174
TUPLE0_BOTTOM_CYCLES_EXPECTED=322
TUPLE0_INTERACTION_CYCLES_EXPECTED=100
TUPLE0_TOP_CYCLES_EXPECTED=744
TUPLE0_COMPUTE_TOTAL_CYCLES_EXPECTED=1174
TUPLE0_BOTTOM_CYCLES_DELTA=0
TUPLE0_INTERACTION_CYCLES_DELTA=0
TUPLE0_TOP_CYCLES_DELTA=0
TUPLE0_COMPUTE_TOTAL_CYCLES_DELTA=0
TUPLE0_HBM_LOOKUP_CYCLES_ACTUAL=33
TUPLE0_FPGA_END_TO_END_CYCLES_ACTUAL=1210
TUPLE0_PIPELINE_OVERHEAD_CYCLES_ACTUAL=3
TUPLE0_A16_2_LOOKUP_112_NOT_REQUIRED=1
TUPLE0_A16_2_E2E_1289_NOT_REQUIRED=1
TUPLE0_LATENCY_ACCOUNTING=RECORDED
TUPLE0_COMPLETE_DLRM_RESULT=PASS
TUPLE0_BO0_TAG=HBM[0]
TUPLE0_BO0_IMAGE=baseline
TUPLE0_BO0_HANDLE=1
TUPLE0_BO0_MEM_INDEX=0
TUPLE0_BO0_REQUESTED_SIZE=1024
TUPLE0_BO0_PROPERTIES_SIZE=4096
TUPLE0_BO0_PADDR_HEX=0x0000000000000000
TUPLE0_BASE0_LO_HEX=0x00000000
TUPLE0_BASE0_HI_HEX=0x00000000
TUPLE0_LOOKUP_INDEX0=37
TUPLE0_BO1_TAG=HBM[1]
TUPLE0_BO1_IMAGE=baseline
TUPLE0_BO1_HANDLE=2
TUPLE0_BO1_MEM_INDEX=1
TUPLE0_BO1_REQUESTED_SIZE=1024
TUPLE0_BO1_PROPERTIES_SIZE=4096
TUPLE0_BO1_PADDR_HEX=0x0000000010000000
TUPLE0_BASE1_LO_HEX=0x10000000
TUPLE0_BASE1_HI_HEX=0x00000000
TUPLE0_LOOKUP_INDEX1=38
TUPLE0_BO2_TAG=HBM[2]
TUPLE0_BO2_IMAGE=baseline
TUPLE0_BO2_HANDLE=3
TUPLE0_BO2_MEM_INDEX=2
TUPLE0_BO2_REQUESTED_SIZE=1024
TUPLE0_BO2_PROPERTIES_SIZE=4096
TUPLE0_BO2_PADDR_HEX=0x0000000020000000
TUPLE0_BASE2_LO_HEX=0x20000000
TUPLE0_BASE2_HI_HEX=0x00000000
TUPLE0_LOOKUP_INDEX2=39
TUPLE0_BO3_TAG=HBM[3]
TUPLE0_BO3_IMAGE=baseline
TUPLE0_BO3_HANDLE=4
TUPLE0_BO3_MEM_INDEX=3
TUPLE0_BO3_REQUESTED_SIZE=1024
TUPLE0_BO3_PROPERTIES_SIZE=4096
TUPLE0_BO3_PADDR_HEX=0x0000000030000000
TUPLE0_BASE3_LO_HEX=0x30000000
TUPLE0_BASE3_HI_HEX=0x00000000
TUPLE0_LOOKUP_INDEX3=40
TUPLE1_NAME=rows_1_2_3_4
TUPLE1_EXPECTED_RESULT=-61
TUPLE1_ACTUAL_RESULT=-61
TUPLE1_XSIM_RESULT_36_NOT_USED=1
TUPLE1_EMBEDDING_LOADED_MASK=0xF
TUPLE1_BOTTOM_CYCLES_ACTUAL=322
TUPLE1_INTERACTION_CYCLES_ACTUAL=100
TUPLE1_TOP_CYCLES_ACTUAL=744
TUPLE1_COMPUTE_TOTAL_CYCLES_ACTUAL=1174
TUPLE1_BOTTOM_CYCLES_EXPECTED=322
TUPLE1_INTERACTION_CYCLES_EXPECTED=100
TUPLE1_TOP_CYCLES_EXPECTED=744
TUPLE1_COMPUTE_TOTAL_CYCLES_EXPECTED=1174
TUPLE1_BOTTOM_CYCLES_DELTA=0
TUPLE1_INTERACTION_CYCLES_DELTA=0
TUPLE1_TOP_CYCLES_DELTA=0
TUPLE1_COMPUTE_TOTAL_CYCLES_DELTA=0
TUPLE1_HBM_LOOKUP_CYCLES_ACTUAL=33
TUPLE1_FPGA_END_TO_END_CYCLES_ACTUAL=1210
TUPLE1_PIPELINE_OVERHEAD_CYCLES_ACTUAL=3
TUPLE1_A16_2_LOOKUP_112_NOT_REQUIRED=1
TUPLE1_A16_2_E2E_1289_NOT_REQUIRED=1
TUPLE1_LATENCY_ACCOUNTING=RECORDED
TUPLE1_COMPLETE_DLRM_RESULT=PASS
TUPLE1_BO0_TAG=HBM[0]
TUPLE1_BO0_IMAGE=baseline
TUPLE1_BO0_HANDLE=1
TUPLE1_BO0_MEM_INDEX=0
TUPLE1_BO0_REQUESTED_SIZE=1024
TUPLE1_BO0_PROPERTIES_SIZE=4096
TUPLE1_BO0_PADDR_HEX=0x0000000000000000
TUPLE1_BASE0_LO_HEX=0x00000000
TUPLE1_BASE0_HI_HEX=0x00000000
TUPLE1_LOOKUP_INDEX0=1
TUPLE1_BO1_TAG=HBM[1]
TUPLE1_BO1_IMAGE=baseline
TUPLE1_BO1_HANDLE=2
TUPLE1_BO1_MEM_INDEX=1
TUPLE1_BO1_REQUESTED_SIZE=1024
TUPLE1_BO1_PROPERTIES_SIZE=4096
TUPLE1_BO1_PADDR_HEX=0x0000000010000000
TUPLE1_BASE1_LO_HEX=0x10000000
TUPLE1_BASE1_HI_HEX=0x00000000
TUPLE1_LOOKUP_INDEX1=2
TUPLE1_BO2_TAG=HBM[2]
TUPLE1_BO2_IMAGE=baseline
TUPLE1_BO2_HANDLE=3
TUPLE1_BO2_MEM_INDEX=2
TUPLE1_BO2_REQUESTED_SIZE=1024
TUPLE1_BO2_PROPERTIES_SIZE=4096
TUPLE1_BO2_PADDR_HEX=0x0000000020000000
TUPLE1_BASE2_LO_HEX=0x20000000
TUPLE1_BASE2_HI_HEX=0x00000000
TUPLE1_LOOKUP_INDEX2=3
TUPLE1_BO3_TAG=HBM[3]
TUPLE1_BO3_IMAGE=baseline
TUPLE1_BO3_HANDLE=4
TUPLE1_BO3_MEM_INDEX=3
TUPLE1_BO3_REQUESTED_SIZE=1024
TUPLE1_BO3_PROPERTIES_SIZE=4096
TUPLE1_BO3_PADDR_HEX=0x0000000030000000
TUPLE1_BASE3_LO_HEX=0x30000000
TUPLE1_BASE3_HI_HEX=0x00000000
TUPLE1_LOOKUP_INDEX3=4
TUPLE2_NAME=rows_0_0_0_0
TUPLE2_EXPECTED_RESULT=-60
TUPLE2_ACTUAL_RESULT=-60
TUPLE2_XSIM_RESULT_36_NOT_USED=1
TUPLE2_EMBEDDING_LOADED_MASK=0xF
TUPLE2_BOTTOM_CYCLES_ACTUAL=322
TUPLE2_INTERACTION_CYCLES_ACTUAL=100
TUPLE2_TOP_CYCLES_ACTUAL=744
TUPLE2_COMPUTE_TOTAL_CYCLES_ACTUAL=1174
TUPLE2_BOTTOM_CYCLES_EXPECTED=322
TUPLE2_INTERACTION_CYCLES_EXPECTED=100
TUPLE2_TOP_CYCLES_EXPECTED=744
TUPLE2_COMPUTE_TOTAL_CYCLES_EXPECTED=1174
TUPLE2_BOTTOM_CYCLES_DELTA=0
TUPLE2_INTERACTION_CYCLES_DELTA=0
TUPLE2_TOP_CYCLES_DELTA=0
TUPLE2_COMPUTE_TOTAL_CYCLES_DELTA=0
TUPLE2_HBM_LOOKUP_CYCLES_ACTUAL=33
TUPLE2_FPGA_END_TO_END_CYCLES_ACTUAL=1210
TUPLE2_PIPELINE_OVERHEAD_CYCLES_ACTUAL=3
TUPLE2_A16_2_LOOKUP_112_NOT_REQUIRED=1
TUPLE2_A16_2_E2E_1289_NOT_REQUIRED=1
TUPLE2_LATENCY_ACCOUNTING=RECORDED
TUPLE2_COMPLETE_DLRM_RESULT=PASS
TUPLE2_BO0_TAG=HBM[0]
TUPLE2_BO0_IMAGE=baseline
TUPLE2_BO0_HANDLE=1
TUPLE2_BO0_MEM_INDEX=0
TUPLE2_BO0_REQUESTED_SIZE=1024
TUPLE2_BO0_PROPERTIES_SIZE=4096
TUPLE2_BO0_PADDR_HEX=0x0000000000000000
TUPLE2_BASE0_LO_HEX=0x00000000
TUPLE2_BASE0_HI_HEX=0x00000000
TUPLE2_LOOKUP_INDEX0=0
TUPLE2_BO1_TAG=HBM[1]
TUPLE2_BO1_IMAGE=baseline
TUPLE2_BO1_HANDLE=2
TUPLE2_BO1_MEM_INDEX=1
TUPLE2_BO1_REQUESTED_SIZE=1024
TUPLE2_BO1_PROPERTIES_SIZE=4096
TUPLE2_BO1_PADDR_HEX=0x0000000010000000
TUPLE2_BASE1_LO_HEX=0x10000000
TUPLE2_BASE1_HI_HEX=0x00000000
TUPLE2_LOOKUP_INDEX1=0
TUPLE2_BO2_TAG=HBM[2]
TUPLE2_BO2_IMAGE=baseline
TUPLE2_BO2_HANDLE=3
TUPLE2_BO2_MEM_INDEX=2
TUPLE2_BO2_REQUESTED_SIZE=1024
TUPLE2_BO2_PROPERTIES_SIZE=4096
TUPLE2_BO2_PADDR_HEX=0x0000000020000000
TUPLE2_BASE2_LO_HEX=0x20000000
TUPLE2_BASE2_HI_HEX=0x00000000
TUPLE2_LOOKUP_INDEX2=0
TUPLE2_BO3_TAG=HBM[3]
TUPLE2_BO3_IMAGE=baseline
TUPLE2_BO3_HANDLE=4
TUPLE2_BO3_MEM_INDEX=3
TUPLE2_BO3_REQUESTED_SIZE=1024
TUPLE2_BO3_PROPERTIES_SIZE=4096
TUPLE2_BO3_PADDR_HEX=0x0000000030000000
TUPLE2_BASE3_LO_HEX=0x30000000
TUPLE2_BASE3_HI_HEX=0x00000000
TUPLE2_LOOKUP_INDEX3=0
TUPLE3_NAME=rows_0_63_37_40
TUPLE3_EXPECTED_RESULT=-162
TUPLE3_ACTUAL_RESULT=-162
TUPLE3_XSIM_RESULT_36_NOT_USED=1
TUPLE3_EMBEDDING_LOADED_MASK=0xF
TUPLE3_BOTTOM_CYCLES_ACTUAL=322
TUPLE3_INTERACTION_CYCLES_ACTUAL=100
TUPLE3_TOP_CYCLES_ACTUAL=744
TUPLE3_COMPUTE_TOTAL_CYCLES_ACTUAL=1174
TUPLE3_BOTTOM_CYCLES_EXPECTED=322
TUPLE3_INTERACTION_CYCLES_EXPECTED=100
TUPLE3_TOP_CYCLES_EXPECTED=744
TUPLE3_COMPUTE_TOTAL_CYCLES_EXPECTED=1174
TUPLE3_BOTTOM_CYCLES_DELTA=0
TUPLE3_INTERACTION_CYCLES_DELTA=0
TUPLE3_TOP_CYCLES_DELTA=0
TUPLE3_COMPUTE_TOTAL_CYCLES_DELTA=0
TUPLE3_HBM_LOOKUP_CYCLES_ACTUAL=33
TUPLE3_FPGA_END_TO_END_CYCLES_ACTUAL=1210
TUPLE3_PIPELINE_OVERHEAD_CYCLES_ACTUAL=3
TUPLE3_A16_2_LOOKUP_112_NOT_REQUIRED=1
TUPLE3_A16_2_E2E_1289_NOT_REQUIRED=1
TUPLE3_LATENCY_ACCOUNTING=RECORDED
TUPLE3_COMPLETE_DLRM_RESULT=PASS
TUPLE3_BO0_TAG=HBM[0]
TUPLE3_BO0_IMAGE=baseline
TUPLE3_BO0_HANDLE=1
TUPLE3_BO0_MEM_INDEX=0
TUPLE3_BO0_REQUESTED_SIZE=1024
TUPLE3_BO0_PROPERTIES_SIZE=4096
TUPLE3_BO0_PADDR_HEX=0x0000000000000000
TUPLE3_BASE0_LO_HEX=0x00000000
TUPLE3_BASE0_HI_HEX=0x00000000
TUPLE3_LOOKUP_INDEX0=0
TUPLE3_BO1_TAG=HBM[1]
TUPLE3_BO1_IMAGE=baseline
TUPLE3_BO1_HANDLE=2
TUPLE3_BO1_MEM_INDEX=1
TUPLE3_BO1_REQUESTED_SIZE=1024
TUPLE3_BO1_PROPERTIES_SIZE=4096
TUPLE3_BO1_PADDR_HEX=0x0000000010000000
TUPLE3_BASE1_LO_HEX=0x10000000
TUPLE3_BASE1_HI_HEX=0x00000000
TUPLE3_LOOKUP_INDEX1=63
TUPLE3_BO2_TAG=HBM[2]
TUPLE3_BO2_IMAGE=baseline
TUPLE3_BO2_HANDLE=3
TUPLE3_BO2_MEM_INDEX=2
TUPLE3_BO2_REQUESTED_SIZE=1024
TUPLE3_BO2_PROPERTIES_SIZE=4096
TUPLE3_BO2_PADDR_HEX=0x0000000020000000
TUPLE3_BASE2_LO_HEX=0x20000000
TUPLE3_BASE2_HI_HEX=0x00000000
TUPLE3_LOOKUP_INDEX2=37
TUPLE3_BO3_TAG=HBM[3]
TUPLE3_BO3_IMAGE=baseline
TUPLE3_BO3_HANDLE=4
TUPLE3_BO3_MEM_INDEX=3
TUPLE3_BO3_REQUESTED_SIZE=1024
TUPLE3_BO3_PROPERTIES_SIZE=4096
TUPLE3_BO3_PADDR_HEX=0x0000000030000000
TUPLE3_BASE3_LO_HEX=0x30000000
TUPLE3_BASE3_HI_HEX=0x00000000
TUPLE3_LOOKUP_INDEX3=40
TUPLE4_NAME=rows_63_62_61_60
TUPLE4_EXPECTED_RESULT=-185
TUPLE4_ACTUAL_RESULT=-185
TUPLE4_XSIM_RESULT_36_NOT_USED=1
TUPLE4_EMBEDDING_LOADED_MASK=0xF
TUPLE4_BOTTOM_CYCLES_ACTUAL=322
TUPLE4_INTERACTION_CYCLES_ACTUAL=100
TUPLE4_TOP_CYCLES_ACTUAL=744
TUPLE4_COMPUTE_TOTAL_CYCLES_ACTUAL=1174
TUPLE4_BOTTOM_CYCLES_EXPECTED=322
TUPLE4_INTERACTION_CYCLES_EXPECTED=100
TUPLE4_TOP_CYCLES_EXPECTED=744
TUPLE4_COMPUTE_TOTAL_CYCLES_EXPECTED=1174
TUPLE4_BOTTOM_CYCLES_DELTA=0
TUPLE4_INTERACTION_CYCLES_DELTA=0
TUPLE4_TOP_CYCLES_DELTA=0
TUPLE4_COMPUTE_TOTAL_CYCLES_DELTA=0
TUPLE4_HBM_LOOKUP_CYCLES_ACTUAL=33
TUPLE4_FPGA_END_TO_END_CYCLES_ACTUAL=1210
TUPLE4_PIPELINE_OVERHEAD_CYCLES_ACTUAL=3
TUPLE4_A16_2_LOOKUP_112_NOT_REQUIRED=1
TUPLE4_A16_2_E2E_1289_NOT_REQUIRED=1
TUPLE4_LATENCY_ACCOUNTING=RECORDED
TUPLE4_COMPLETE_DLRM_RESULT=PASS
TUPLE4_BO0_TAG=HBM[0]
TUPLE4_BO0_IMAGE=baseline
TUPLE4_BO0_HANDLE=1
TUPLE4_BO0_MEM_INDEX=0
TUPLE4_BO0_REQUESTED_SIZE=1024
TUPLE4_BO0_PROPERTIES_SIZE=4096
TUPLE4_BO0_PADDR_HEX=0x0000000000000000
TUPLE4_BASE0_LO_HEX=0x00000000
TUPLE4_BASE0_HI_HEX=0x00000000
TUPLE4_LOOKUP_INDEX0=63
TUPLE4_BO1_TAG=HBM[1]
TUPLE4_BO1_IMAGE=baseline
TUPLE4_BO1_HANDLE=2
TUPLE4_BO1_MEM_INDEX=1
TUPLE4_BO1_REQUESTED_SIZE=1024
TUPLE4_BO1_PROPERTIES_SIZE=4096
TUPLE4_BO1_PADDR_HEX=0x0000000010000000
TUPLE4_BASE1_LO_HEX=0x10000000
TUPLE4_BASE1_HI_HEX=0x00000000
TUPLE4_LOOKUP_INDEX1=62
TUPLE4_BO2_TAG=HBM[2]
TUPLE4_BO2_IMAGE=baseline
TUPLE4_BO2_HANDLE=3
TUPLE4_BO2_MEM_INDEX=2
TUPLE4_BO2_REQUESTED_SIZE=1024
TUPLE4_BO2_PROPERTIES_SIZE=4096
TUPLE4_BO2_PADDR_HEX=0x0000000020000000
TUPLE4_BASE2_LO_HEX=0x20000000
TUPLE4_BASE2_HI_HEX=0x00000000
TUPLE4_LOOKUP_INDEX2=61
TUPLE4_BO3_TAG=HBM[3]
TUPLE4_BO3_IMAGE=baseline
TUPLE4_BO3_HANDLE=4
TUPLE4_BO3_MEM_INDEX=3
TUPLE4_BO3_REQUESTED_SIZE=1024
TUPLE4_BO3_PROPERTIES_SIZE=4096
TUPLE4_BO3_PADDR_HEX=0x0000000030000000
TUPLE4_BASE3_LO_HEX=0x30000000
TUPLE4_BASE3_HI_HEX=0x00000000
TUPLE4_LOOKUP_INDEX3=60
A18_3_BO_CLEANUP=PASS
A18_3_ALL_FIVE_TUPLES=PASS
A18_3_PHYSICAL_HBM_FUNCTIONAL_HOST=EXECUTED
A18_3_PERFORMANCE=NOT_CLAIMED
STAGE2N_A18_3_INDEX_TUPLE_HOST_V1=PASS
