A15_6_SOURCE_VALIDATION=PASS
A15_6_ACCEPTED_RTL_SHA256=PASS
A15_6_MODEL_ASSET=PASS
A15_6_FIVE_TABLES=PASS
A15_6_FOUR_SLOT_SENSITIVITY=PASS
A15_6_XRT_API_REUSE=PASS
A15_6_PROTECTION_GATE_ORDER=PASS
A15_6_RESET_ABSENT=PASS
A15_6_VALIDATOR_POSITIVE=PASS
A15_6_ZERO_PHYSICAL_ADDRESS_ACCEPTED=PASS
A15_6_NEGATIVE_WRONG_XCLBIN_SHA=PASS
A15_6_NEGATIVE_WRONG_UUID=PASS
A15_6_NEGATIVE_WRONG_DEVICE_BDF=PASS
A15_6_NEGATIVE_WRONG_HBM_BANK=PASS
A15_6_NEGATIVE_WRONG_PAYLOAD_SHA=PASS
A15_6_NEGATIVE_MISSING_RESULT=PASS
A15_6_NEGATIVE_MISMATCHED_GOLDEN=PASS
A15_6_NEGATIVE_MALFORMED_EVIDENCE=PASS
A15_6_VALIDATOR_SELF_TEST=PASS
============================================================
Stage 2N-A15.6 protected board authorization
TARGET_INDEX=2
TARGET_BDF=0000:9b:00.1
TARGET_RENDER=/dev/dri/renderD129
XCLBIN_SHA256=23ee48c91b3dfb5b68b3372ac49fc6607f203cf01d3b9fcfe04b4ea42be02356
XCLBIN_UUID=1b555645-a9e2-4f5e-95af-6ce4adacbc3c
KERNEL=dlrm_f37x_rtl_kernel_stage2n_a15_v1
CU=dlrm_a15_1
HBM_BANK=HBM[0]
ACTION_PROGRAM_FPGA_IF_NEEDED=YES
ACTION_ALLOCATE_HBM0_BO=YES
ACTION_RUN_COMPLETE_DLRM_INFERENCE=YES
FPGA_RESET=NOT_RUN
GLOBAL_HBM_CLEANUP=NOT_RUN
OTHER_DEVICE_ACCESS=NONE
============================================================
Proceed with this protected A15.6 run? [yes/no] INFO: Found total 4 card(s), 4 are usable
INFO: xbutil program succeeded.
A15_6_HOST_START=1
TARGET_INDEX=2
TARGET_BDF=0000:9b:00.1
XCLBIN_UUID=1b555645-a9e2-4f5e-95af-6ce4adacbc3c
IP_NAME=dlrm_f37x_rtl_kernel_stage2n_a15_v1:dlrm_a15_1
IP_INDEX=0
HBM_BANK=HBM[0]
HBM_MEMORY_INDEX=0
BO_SIZE_BYTES=4096
BO_PADDR_HEX=0x0000000000000000
MODEL_DESCRIPTOR_COUNT=5
MODEL_WEIGHT_COUNT=1360
MODEL_BIAS_COUNT=73
CASE0_NAME=baseline
CASE0_EXPECTED_RESULT=-393
CASE0_ACTUAL_RESULT=-393
CASE0_TABLE_BASE_LO_HEX=0x00000000
CASE0_TABLE_BASE_HI_HEX=0x00000000
CASE0_EMBEDDING_LOADED_MASK=0xF
CASE0_BOTTOM_CYCLES=322
CASE0_INTERACTION_CYCLES=100
CASE0_TOP_CYCLES=744
CASE0_TOTAL_CYCLES=1174
CASE0_COMPLETE_DLRM_RESULT=PASS
CASE1_NAME=slot0_sensitivity
CASE1_EXPECTED_RESULT=-392
CASE1_ACTUAL_RESULT=-392
CASE1_TABLE_BASE_LO_HEX=0x00000000
CASE1_TABLE_BASE_HI_HEX=0x00000000
CASE1_EMBEDDING_LOADED_MASK=0xF
CASE1_BOTTOM_CYCLES=322
CASE1_INTERACTION_CYCLES=100
CASE1_TOP_CYCLES=744
CASE1_TOTAL_CYCLES=1174
CASE1_COMPLETE_DLRM_RESULT=PASS
CASE2_NAME=slot1_sensitivity
CASE2_EXPECTED_RESULT=-93
CASE2_ACTUAL_RESULT=-93
CASE2_TABLE_BASE_LO_HEX=0x00000000
CASE2_TABLE_BASE_HI_HEX=0x00000000
CASE2_EMBEDDING_LOADED_MASK=0xF
CASE2_BOTTOM_CYCLES=322
CASE2_INTERACTION_CYCLES=100
CASE2_TOP_CYCLES=744
CASE2_TOTAL_CYCLES=1174
CASE2_COMPLETE_DLRM_RESULT=PASS
CASE3_NAME=slot2_sensitivity
CASE3_EXPECTED_RESULT=-689
CASE3_ACTUAL_RESULT=-689
CASE3_TABLE_BASE_LO_HEX=0x00000000
CASE3_TABLE_BASE_HI_HEX=0x00000000
CASE3_EMBEDDING_LOADED_MASK=0xF
CASE3_BOTTOM_CYCLES=322
CASE3_INTERACTION_CYCLES=100
CASE3_TOP_CYCLES=744
CASE3_TOTAL_CYCLES=1174
CASE3_COMPLETE_DLRM_RESULT=PASS
CASE4_NAME=slot3_sensitivity
CASE4_EXPECTED_RESULT=-519
CASE4_ACTUAL_RESULT=-519
CASE4_TABLE_BASE_LO_HEX=0x00000000
CASE4_TABLE_BASE_HI_HEX=0x00000000
CASE4_EMBEDDING_LOADED_MASK=0xF
CASE4_BOTTOM_CYCLES=322
CASE4_INTERACTION_CYCLES=100
CASE4_TOP_CYCLES=744
CASE4_TOTAL_CYCLES=1174
CASE4_COMPLETE_DLRM_RESULT=PASS
A15_6_BO_CLEANUP=PASS
A15_6_ALL_FIVE_CASES=PASS
A15_6_PHYSICAL_HBM_FUNCTIONAL_HOST=PASS
A15_6_PERFORMANCE=NOT_CLAIMED
STAGE2N_A15_6_ALL_HBM_BOARD_VALIDATION_V1=PASS
A15_6_EVIDENCE_ASSEMBLY=PASS
EVIDENCE=/home/chaosuan/gpf/gpf_f37x_dlrm/f37x_dlrm_rtl_stage2n_a15_5_buildonly/results/stage2n_a15_6/board_validation_v1/20260831_102550/a15_6_board_evidence_v1.json
A15_6_EVIDENCE_VALIDATION=PASS
A15_6_FIXED_XCLBIN_IDENTITY=PASS
A15_6_DEVICE_IDENTITY=PASS
A15_6_FPGA_PROGRAMMING=PASS
A15_6_HBM0_BO_ALLOCATION=PASS
A15_6_PAYLOAD_TRANSFER=PASS
A15_6_TABLE_BASE_PROGRAMMING=PASS
A15_6_BASELINE_CASE=PASS
A15_6_SLOT0_SENSITIVITY=PASS
A15_6_SLOT1_SENSITIVITY=PASS
A15_6_SLOT2_SENSITIVITY=PASS
A15_6_SLOT3_SENSITIVITY=PASS
A15_6_COMPLETE_DLRM_RESULT=PASS
A15_6_BO_CLEANUP=PASS
A15_6_PHYSICAL_HBM=PASS
A15_6_BOARD_FUNCTIONAL=PASS
A15_6_PERFORMANCE=NOT_CLAIMED
FPGA_RESET=NOT_RUN
OTHER_DEVICE_ACCESS=NONE
EVIDENCE=/home/chaosuan/gpf/gpf_f37x_dlrm/f37x_dlrm_rtl_stage2n_a15_5_buildonly/results/stage2n_a15_6/board_validation_v1/20260831_102550/a15_6_board_evidence_v1.json
